Importing sentence_transformers...
Import successful.
Loading model clip-ViT-B-32...
python : Using a slow image processor as `use_fast` is unset and a slow processor was 
saved with this model. `use_fast=True` will be the default behavior in v4.52, even if 
the model was saved with a slow processor. This will result in minor differences in 
outputs. You'll still be able to use a slow processor with `use_fast=False`.
At line:1 char:53
+ ... esktop/MAJOR PROJECT/backend' ; python test_st.py > test_log.txt 2>&1
+                                     ~~~~~~~~~~~~~~~~~~~~~~~~~~~~~~~~~~~~~
    + CategoryInfo          : NotSpecified: (Using a slow im...se_fast=False`.:String 
   ) [], RemoteException
    + FullyQualifiedErrorId : NativeCommandError
 
Model loaded successfully.
